Godot Engine v4.7.1.stable.official.a13da4feb - https://godotengine.org

SIM 難度牆驗收 (12 個 seed, 每關最多 3 次, 兩個玩家, 塔數上限 第1關8 -> 第20關24)
SIM 注意:GameData.WALLS 係空嘅 —— 冇一幅牆有內容,所以下面每一關都係
SIM      普通關,只會用「首通 >= 85%」呢條非牆準則嚟判。原因見 GameData.gd
SIM      WALLS 上面嗰段同 BALANCE_CHANGELOG 第九輪。
SIM   自適應玩家 seed 1/12 完成
SIM   自適應玩家 seed 2/12 完成
SIM   自適應玩家 seed 3/12 完成
SIM   自適應玩家 seed 4/12 完成
SIM   自適應玩家 seed 5/12 完成
SIM   自適應玩家 seed 6/12 完成
SIM   自適應玩家 seed 7/12 完成
SIM   自適應玩家 seed 8/12 完成
SIM   自適應玩家 seed 9/12 完成
SIM   自適應玩家 seed 10/12 完成
SIM   自適應玩家 seed 11/12 完成
SIM   自適應玩家 seed 12/12 完成
SIM   貪心玩家 seed 1/12 完成
SIM   貪心玩家 seed 2/12 完成
SIM   貪心玩家 seed 3/12 完成
SIM   貪心玩家 seed 4/12 完成
SIM   貪心玩家 seed 5/12 完成
SIM   貪心玩家 seed 6/12 完成
SIM   貪心玩家 seed 7/12 完成
SIM   貪心玩家 seed 8/12 完成
SIM   貪心玩家 seed 9/12 完成
SIM   貪心玩家 seed 10/12 完成
SIM   貪心玩家 seed 11/12 完成
SIM   貪心玩家 seed 12/12 完成
SIM
SIM  lv | 牆 | 自適應首通 | 自適應3次內 | 貪心首通 | 貪心3次內 | 組成差距 | 平均嘗試 | 達標
SIM   1 |    |       100% |         100% |     100% |       100% |      +0% |     1.00 | OK
SIM   2 |    |       100% |         100% |     100% |       100% |      +0% |     1.00 | OK
SIM   3 |    |       100% |         100% |     100% |       100% |      +0% |     1.00 | OK
SIM   4 |    |       100% |         100% |     100% |       100% |      +0% |     1.00 | OK
SIM   5 |    |       100% |         100% |     100% |       100% |      +0% |     1.00 | OK
SIM   6 |    |       100% |         100% |     100% |       100% |      +0% |     1.00 | OK
SIM   7 |    |       100% |         100% |     100% |       100% |      +0% |     1.00 | OK
SIM   8 |    |       100% |         100% |     100% |       100% |      +0% |     1.00 | OK
SIM   9 |    |       100% |         100% |     100% |       100% |      +0% |     1.00 | OK
SIM  10 |    |       100% |         100% |     100% |       100% |      +0% |     1.00 | OK
SIM  11 |    |       100% |         100% |     100% |       100% |      +0% |     1.00 | OK
SIM  12 |    |       100% |         100% |     100% |       100% |      +0% |     1.00 | OK
SIM  13 |    |       100% |         100% |     100% |       100% |      +0% |     1.00 | OK
SIM  14 |    |       100% |         100% |     100% |       100% |      +0% |     1.00 | OK
SIM  15 |    |       100% |         100% |     100% |       100% |      +0% |     1.00 | OK
SIM  16 |    |       100% |         100% |     100% |       100% |      +0% |     1.00 | OK
SIM  17 |    |       100% |         100% |     100% |       100% |      +0% |     1.00 | OK
SIM  18 |    |       100% |         100% |     100% |       100% |      +0% |     1.00 | OK
SIM  19 |    |       100% |         100% |     100% |       100% |      +0% |     1.00 | OK
SIM  20 |    |       100% |         100% |     100% |       100% |      +0% |     1.00 | OK
SIM ---- 20/20 關達標(自適應玩家)----
SIM 三幅牆都對貪心玩家造成咗真嘅阻力(組成差距 >= 15% 或者貪心過唔到)
SIM
SIM ---- 敗仗診斷(自適應玩家喺每關讀到嘅壓力,計數 = 診斷到嘅局數)----
SIM
SIM ---- 贏面(自適應玩家,每關所有嘗試嘅平均)----
SIM  lv | 牆 | 最遠推進 | 到門口 | 同場最多 | 擊殺 | 塔數 | boss殘血 | 剩金
SIM   1 |    |       9% |    0.0 |     10.3 |   70 |  8.0 |       2% |    81
SIM   2 |    |      24% |    0.0 |     10.6 |   71 |  9.0 |       1% |    74
SIM   3 |    |       9% |    0.0 |     10.1 |   71 | 10.0 |       2% |   104
SIM   4 |    |      17% |    0.0 |     18.4 |  104 | 11.0 |       1% |   336
SIM   5 |    |      19% |    0.0 |     18.3 |   76 | 11.0 |       1% |   213
SIM   6 |    |      13% |    0.0 |     10.5 |   67 | 12.0 |       2% |    74
SIM   7 |    |      12% |    0.0 |     14.6 |  106 | 13.0 |       0% |   350
SIM   8 |    |      13% |    0.0 |     14.5 |   70 | 14.0 |       1% |    59
SIM   9 |    |       9% |    0.0 |      8.8 |   70 | 15.0 |       1% |    79
SIM  10 |    |      15% |    0.0 |     19.1 |  177 | 16.0 |       1% |   944
SIM  11 |    |      16% |    0.0 |     26.6 |   74 | 16.0 |       1% |   313
SIM  12 |    |      10% |    0.0 |     13.2 |   66 | 17.0 |       2% |   256
SIM  13 |    |      11% |    0.0 |     10.3 |   72 | 18.0 |       1% |   313
SIM  14 |    |      21% |    0.0 |     25.5 |  210 | 19.0 |       0% |  1862
SIM  15 |    |       8% |    0.0 |     10.7 |   70 | 20.0 |       1% |   564
SIM  16 |    |      17% |    0.0 |     11.6 |   68 | 21.0 |       1% |   332
SIM  17 |    |      29% |    0.0 |     38.4 |  239 | 21.0 |       0% |  2533
SIM  18 |    |      12% |    0.0 |     18.8 |   72 | 22.0 |       1% |   574
SIM  19 |    |      21% |    0.0 |     14.5 |   73 | 23.0 |       0% |  1274
SIM  20 |    |      42% |    0.0 |     39.0 |  427 | 24.0 |       1% |  5932
WARNING: 16 ObjectDB instances were leaked at exit (run with `--verbose` for details).
   at: cleanup (core/object/object.cpp:2536)
ERROR: 8 resources still in use at exit (run with --verbose for details).
   at: clear (core/io/resource.cpp:822)
