Godot Engine v4.7.1.stable.official.a13da4feb - https://godotengine.org

SIM 難度牆驗收 (2 個 seed, 每關最多 3 次, 兩個玩家)
SIM   自適應玩家 seed 1/2 完成
SIM   自適應玩家 seed 2/2 完成
SIM   貪心玩家 seed 1/2 完成
SIM   貪心玩家 seed 2/2 完成
SIM
SIM  lv | 牆 | 自適應首通 | 自適應3次內 | 貪心首通 | 貪心3次內 | 組成差距 | 平均嘗試 | 達標
SIM   1 |    |       100% |         100% |     100% |       100% |      +0% |     1.00 | OK
SIM   2 |    |       100% |         100% |     100% |       100% |      +0% |     1.00 | OK
SIM   3 |    |       100% |         100% |     100% |       100% |      +0% |     1.00 | OK
SIM   4 |    |       100% |         100% |     100% |       100% |      +0% |     1.00 | OK
SIM   5 |    |       100% |         100% |     100% |       100% |      +0% |     1.00 | OK
SIM   6 |    |       100% |         100% |     100% |       100% |      +0% |     1.00 | OK
SIM   7 | 牆 |       100% |         100% |     100% |       100% |      +0% |     1.00 | 唔達標
SIM   8 |    |       100% |         100% |     100% |       100% |      +0% |     1.00 | OK
SIM   9 |    |       100% |         100% |     100% |       100% |      +0% |     1.00 | OK
SIM  10 |    |       100% |         100% |     100% |       100% |      +0% |     1.00 | OK
SIM  11 |    |       100% |         100% |     100% |       100% |      +0% |     1.00 | OK
SIM  12 |    |       100% |         100% |     100% |       100% |      +0% |     1.00 | OK
SIM  13 | 牆 |       100% |         100% |     100% |       100% |      +0% |     1.00 | 唔達標
SIM  14 |    |       100% |         100% |     100% |       100% |      +0% |     1.00 | OK
SIM  15 |    |       100% |         100% |     100% |       100% |      +0% |     1.00 | OK
SIM  16 |    |       100% |         100% |     100% |       100% |      +0% |     1.00 | OK
SIM  17 |    |       100% |         100% |     100% |       100% |      +0% |     1.00 | OK
SIM  18 | 牆 |       100% |         100% |     100% |       100% |      +0% |     1.00 | 唔達標
SIM  19 |    |       100% |         100% |     100% |       100% |      +0% |     1.00 | OK
SIM  20 |    |       100% |         100% |     100% |       100% |      +0% |     1.00 | OK
SIM ---- 17/20 關達標(自適應玩家)----
SIM
SIM ---- 敗仗診斷(自適應玩家喺每關讀到嘅壓力,計數 = 診斷到嘅局數)----
SIM
SIM ---- 贏面(自適應玩家,每關所有嘗試嘅平均)----
SIM  lv | 牆 | 最遠推進 | 到門口 | 同場最多 | 擊殺 | 塔數 | boss殘血 | 剩金
SIM   1 |    |      12% |    0.0 |     14.0 |   71 |  9.5 |       1% |    39
SIM   2 |    |      23% |    0.0 |     13.0 |   70 | 10.0 |       2% |    41
SIM   3 |    |       9% |    0.0 |     10.0 |   71 | 11.5 |       1% |    16
SIM   4 |    |      18% |    0.0 |     19.0 |  105 | 16.5 |       1% |    36
SIM   5 |    |      16% |    0.0 |     18.0 |   73 | 13.5 |       1% |    23
SIM   6 |    |      13% |    0.0 |     10.5 |   67 | 12.5 |       1% |    37
SIM   7 | 牆 |      16% |    0.0 |     58.5 |  187 | 32.0 |       1% |    38
SIM   8 |    |      13% |    0.0 |     14.0 |   70 | 14.0 |       0% |    54
SIM   9 |    |       8% |    0.0 |      8.0 |   70 | 16.0 |       1% |    18
SIM  10 |    |      15% |    0.0 |     18.5 |  166 | 30.0 |       1% |    13
SIM  11 |    |      16% |    0.0 |     27.0 |   76 | 22.0 |       2% |     3
SIM  12 |    |      10% |    0.0 |     12.5 |   66 | 20.5 |       1% |    34
SIM  13 | 牆 |      16% |    0.0 |     65.5 |  138 | 45.5 |       2% |    22
SIM  14 |    |      18% |    0.0 |     28.5 |  189 | 46.0 |       0% |     8
SIM  15 |    |       8% |    0.0 |     11.5 |   70 | 29.0 |       1% |    15
SIM  16 |    |      16% |    0.0 |     11.0 |   68 | 27.0 |       0% |    28
SIM  17 |    |      27% |    0.0 |     36.0 |  235 | 55.0 |       1% |   407
SIM  18 | 牆 |      21% |    0.0 |     78.0 |  154 | 44.0 |       1% |  1382
SIM  19 |    |      14% |    0.0 |     12.0 |   71 | 41.5 |       2% |    41
SIM  20 |    |      35% |    0.0 |     39.5 |  464 | 54.0 |       0% |  4587
SIM 未達標,要調 GameData.WALLS(牆太易 -> 加成份;牆太難 -> 減成份;非牆關跌穿 85% -> 睇下係咪牆嘅成份漏咗落隔離關)
