Godot Engine v4.7.1.stable.official.a13da4feb - https://godotengine.org

SIM 難度牆驗收 (3 個 seed, 每關最多 3 次, 兩個玩家, 塔數上限 第1關8 -> 第20關24)
SIM   自適應玩家 seed 1/3 完成
SIM   自適應玩家 seed 2/3 完成
SIM   自適應玩家 seed 3/3 完成
SIM   貪心玩家 seed 1/3 完成
SIM   貪心玩家 seed 2/3 完成
SIM   貪心玩家 seed 3/3 完成
SIM
SIM  lv | 牆 | 自適應首通 | 自適應3次內 | 貪心首通 | 貪心3次內 | 組成差距 | 平均嘗試 | 達標
SIM   1 |    |       100% |         100% |     100% |       100% |      +0% |     1.00 | OK
SIM   2 |    |       100% |         100% |     100% |       100% |      +0% |     1.00 | OK
SIM   3 |    |       100% |         100% |     100% |       100% |      +0% |     1.00 | OK
SIM   4 |    |       100% |         100% |     100% |       100% |      +0% |     1.00 | OK
SIM   5 |    |       100% |         100% |     100% |       100% |      +0% |     1.00 | OK
SIM   6 |    |       100% |         100% |     100% |       100% |      +0% |     1.00 | OK
SIM   7 | 牆 |        67% |         100% |      67% |       100% |      +0% |     1.67 | 唔達標
SIM   8 |    |       100% |         100% |     100% |       100% |      +0% |     1.00 | OK
SIM   9 |    |       100% |         100% |     100% |       100% |      +0% |     1.00 | OK
SIM  10 |    |       100% |         100% |     100% |       100% |      +0% |     1.00 | OK
SIM  11 |    |       100% |         100% |     100% |       100% |      +0% |     1.00 | OK
SIM  12 |    |       100% |         100% |     100% |       100% |      +0% |     1.00 | OK
SIM  13 | 牆 |         0% |         100% |      33% |       100% |      +0% |     2.67 | OK
SIM  14 |    |       100% |         100% |     100% |       100% |      +0% |     1.00 | OK
SIM  15 |    |       100% |         100% |     100% |       100% |      +0% |     1.00 | OK
SIM  16 |    |       100% |         100% |     100% |       100% |      +0% |     1.00 | OK
SIM  17 |    |       100% |         100% |     100% |       100% |      +0% |     1.00 | OK
SIM  18 | 牆 |       100% |         100% |     100% |       100% |      +0% |     1.00 | 唔達標
SIM  19 |    |       100% |         100% |     100% |       100% |      +0% |     1.00 | OK
SIM  20 |    |       100% |         100% |     100% |       100% |      +0% |     1.00 | OK
SIM ---- 18/20 關達標(自適應玩家)----
SIM
SIM ---- 敗仗診斷(自適應玩家喺每關讀到嘅壓力,計數 = 診斷到嘅局數)----
SIM   7 牆 | crowd x2, heal x2
SIM  13 牆 | crowd x5
SIM
SIM ---- 贏面(自適應玩家,每關所有嘗試嘅平均)----
SIM  lv | 牆 | 最遠推進 | 到門口 | 同場最多 | 擊殺 | 塔數 | boss殘血 | 剩金
SIM   1 |    |      13% |    0.0 |     13.7 |   72 |  8.0 |       1% |   131
SIM   2 |    |      27% |    0.0 |     13.7 |   71 |  9.0 |       2% |   109
SIM   3 |    |      10% |    0.0 |     10.0 |   72 | 10.0 |       2% |   122
SIM   4 |    |      18% |    0.0 |     18.3 |  106 | 11.0 |       1% |   349
SIM   5 |    |      18% |    0.0 |     17.3 |   76 | 11.0 |       1% |   209
SIM   6 |    |      14% |    0.0 |     10.3 |   67 | 12.0 |       1% |    65
SIM   7 | 牆 |      63% |    4.0 |     97.8 |  160 | 13.0 |      15% |  1384
SIM   8 |    |      13% |    0.0 |     15.7 |   70 | 14.0 |       1% |    77
SIM   9 |    |       8% |    0.0 |      9.0 |   70 | 15.0 |       1% |    98
SIM  10 |    |      15% |    0.0 |     18.3 |  183 | 16.0 |       1% |   966
SIM  11 |    |      16% |    0.0 |     26.3 |   74 | 16.0 |       1% |   320
SIM  12 |    |      11% |    0.0 |     13.0 |   66 | 17.0 |       0% |   280
SIM  13 | 牆 |      81% |   77.5 |    345.9 |  673 | 18.0 |      32% |  6540
SIM  14 |    |      27% |    0.0 |     31.0 |  242 | 19.0 |       1% |  2279
SIM  15 |    |       8% |    0.0 |     10.7 |   70 | 20.0 |       1% |   572
SIM  16 |    |      18% |    0.0 |     12.0 |   68 | 21.0 |       1% |   375
SIM  17 |    |      28% |    0.0 |     37.0 |  243 | 21.0 |       0% |  2562
SIM  18 | 牆 |      19% |    0.0 |     93.0 |  174 | 22.0 |       0% |  3299
SIM  19 |    |      22% |    0.0 |     15.0 |   73 | 23.0 |       1% |  1364
SIM  20 |    |      42% |    0.0 |     37.3 |  439 | 24.0 |       1% |  6118
SIM 未達標,要調 GameData.WALLS(牆太易 -> 加成份;牆太難 -> 減成份;非牆關跌穿 85% -> 睇下係咪牆嘅成份漏咗落隔離關)
WARNING: 17 ObjectDB instances were leaked at exit (run with `--verbose` for details).
   at: cleanup (core/object/object.cpp:2536)
ERROR: 8 resources still in use at exit (run with --verbose for details).
   at: clear (core/io/resource.cpp:822)
