Godot Engine v4.7.1.stable.official.a13da4feb - https://godotengine.org

SIM 難度牆驗收 (3 個 seed, 每關最多 3 次, 兩個玩家, 塔數上限 24)
SIM   自適應玩家 seed 1/3 完成
SIM   自適應玩家 seed 2/3 完成
SIM   自適應玩家 seed 3/3 完成
SIM   貪心玩家 seed 1/3 完成
SIM   貪心玩家 seed 2/3 完成
SIM   貪心玩家 seed 3/3 完成
SIM
SIM  lv | 牆 | 自適應首通 | 自適應3次內 | 貪心首通 | 貪心3次內 | 組成差距 | 平均嘗試 | 達標
SIM   1 |    |       100% |         100% |     100% |       100% |      +0% |     1.00 | OK
SIM   2 |    |       100% |         100% |     100% |       100% |      +0% |     1.00 | OK
SIM   3 |    |       100% |         100% |     100% |       100% |      +0% |     1.00 | OK
SIM   4 |    |       100% |         100% |     100% |       100% |      +0% |     1.00 | OK
SIM   5 |    |       100% |         100% |     100% |       100% |      +0% |     1.00 | OK
SIM   6 |    |       100% |         100% |     100% |       100% |      +0% |     1.00 | OK
SIM   7 | 牆 |       100% |         100% |     100% |       100% |      +0% |     1.00 | 唔達標
SIM   8 |    |       100% |         100% |     100% |       100% |      +0% |     1.00 | OK
SIM   9 |    |       100% |         100% |     100% |       100% |      +0% |     1.00 | OK
SIM  10 |    |       100% |         100% |     100% |       100% |      +0% |     1.00 | OK
SIM  11 |    |       100% |         100% |     100% |       100% |      +0% |     1.00 | OK
SIM  12 |    |       100% |         100% |     100% |       100% |      +0% |     1.00 | OK
SIM  13 | 牆 |       100% |         100% |     100% |       100% |      +0% |     1.00 | 唔達標
SIM  14 |    |       100% |         100% |     100% |       100% |      +0% |     1.00 | OK
SIM  15 |    |       100% |         100% |     100% |       100% |      +0% |     1.00 | OK
SIM  16 |    |       100% |         100% |     100% |       100% |      +0% |     1.00 | OK
SIM  17 |    |       100% |         100% |     100% |       100% |      +0% |     1.00 | OK
SIM  18 | 牆 |       100% |         100% |     100% |       100% |      +0% |     1.00 | 唔達標
SIM  19 |    |       100% |         100% |     100% |       100% |      +0% |     1.00 | OK
SIM  20 |    |       100% |         100% |     100% |       100% |      +0% |     1.00 | OK
SIM ---- 17/20 關達標(自適應玩家)----
SIM
SIM ---- 敗仗診斷(自適應玩家喺每關讀到嘅壓力,計數 = 診斷到嘅局數)----
SIM
SIM ---- 贏面(自適應玩家,每關所有嘗試嘅平均)----
SIM  lv | 牆 | 最遠推進 | 到門口 | 同場最多 | 擊殺 | 塔數 | boss殘血 | 剩金
SIM   1 |    |      12% |    0.0 |     13.7 |   71 |  9.7 |       1% |    30
SIM   2 |    |      23% |    0.0 |     14.0 |   69 | 10.0 |       2% |    33
SIM   3 |    |       9% |    0.0 |     10.3 |   71 | 11.3 |       1% |    17
SIM   4 |    |      18% |    0.0 |     19.0 |  104 | 16.3 |       1% |    38
SIM   5 |    |      17% |    0.0 |     18.0 |   73 | 13.7 |       1% |    16
SIM   6 |    |      13% |    0.0 |     10.7 |   67 | 12.7 |       2% |    31
SIM   7 | 牆 |      20% |    0.0 |     39.0 |  130 | 24.0 |       1% |   376
SIM   8 |    |      13% |    0.0 |     14.3 |   70 | 14.7 |       1% |    27
SIM   9 |    |       8% |    0.0 |      9.0 |   70 | 16.0 |       1% |    39
SIM  10 |    |      19% |    0.0 |     18.7 |  178 | 24.0 |       1% |   448
SIM  11 |    |      15% |    0.0 |     26.3 |   75 | 21.3 |       1% |    13
SIM  12 |    |      10% |    0.0 |     12.7 |   66 | 21.7 |       1% |    15
SIM  13 | 牆 |      30% |    0.0 |     73.7 |  406 | 24.0 |       1% |  3116
SIM  14 |    |      24% |    0.0 |     33.3 |  211 | 24.0 |       0% |  1594
SIM  15 |    |       8% |    0.0 |     10.7 |   70 | 24.0 |       1% |   339
SIM  16 |    |      16% |    0.0 |     11.7 |   67 | 24.0 |       1% |   132
SIM  17 |    |      27% |    0.0 |     37.0 |  232 | 24.0 |       0% |  2283
SIM  18 | 牆 |      16% |    0.0 |     49.0 |  126 | 24.0 |       0% |  1977
SIM  19 |    |      19% |    0.0 |     13.7 |   72 | 24.0 |       1% |  1163
SIM  20 |    |      43% |    0.0 |     43.3 |  468 | 24.0 |       1% |  6558
SIM 未達標,要調 GameData.WALLS(牆太易 -> 加成份;牆太難 -> 減成份;非牆關跌穿 85% -> 睇下係咪牆嘅成份漏咗落隔離關)
WARNING: 17 ObjectDB instances were leaked at exit (run with `--verbose` for details).
   at: cleanup (core/object/object.cpp:2536)
ERROR: 8 resources still in use at exit (run with --verbose for details).
   at: clear (core/io/resource.cpp:822)
