Godot Engine v4.7.1.stable.official.a13da4feb - https://godotengine.org

SIM 難度牆驗收 (2 個 seed, 每關最多 3 次, 兩個玩家, 塔數上限 14)
SIM   自適應玩家 seed 1/2 完成
SIM   自適應玩家 seed 2/2 完成
SIM   貪心玩家 seed 1/2 完成
SIM   貪心玩家 seed 2/2 完成
SIM
SIM  lv | 牆 | 自適應首通 | 自適應3次內 | 貪心首通 | 貪心3次內 | 組成差距 | 平均嘗試 | 達標
SIM   1 |    |       100% |         100% |     100% |       100% |      +0% |     1.00 | OK
SIM   2 |    |       100% |         100% |     100% |       100% |      +0% |     1.00 | OK
SIM   3 |    |       100% |         100% |     100% |       100% |      +0% |     1.00 | OK
SIM   4 |    |       100% |         100% |     100% |       100% |      +0% |     1.00 | OK
SIM   5 |    |       100% |         100% |     100% |       100% |      +0% |     1.00 | OK
SIM   6 |    |       100% |         100% |     100% |       100% |      +0% |     1.00 | OK
SIM   7 | 牆 |       100% |         100% |     100% |       100% |      +0% |     1.00 | 唔達標
SIM   8 |    |       100% |         100% |     100% |       100% |      +0% |     1.00 | OK
SIM   9 |    |       100% |         100% |     100% |       100% |      +0% |     1.00 | OK
SIM  10 |    |       100% |         100% |     100% |       100% |      +0% |     1.00 | OK
SIM  11 |    |       100% |         100% |     100% |       100% |      +0% |     1.00 | OK
SIM  12 |    |       100% |         100% |     100% |       100% |      +0% |     1.00 | OK
SIM  13 | 牆 |       100% |         100% |     100% |       100% |      +0% |     1.00 | 唔達標
SIM  14 |    |       100% |         100% |     100% |       100% |      +0% |     1.00 | OK
SIM  15 |    |       100% |         100% |     100% |       100% |      +0% |     1.00 | OK
SIM  16 |    |       100% |         100% |     100% |       100% |      +0% |     1.00 | OK
SIM  17 |    |       100% |         100% |     100% |       100% |      +0% |     1.00 | OK
SIM  18 | 牆 |       100% |         100% |     100% |       100% |      +0% |     1.00 | 唔達標
SIM  19 |    |        50% |         100% |      50% |       100% |      +0% |     1.50 | 唔達標
SIM  20 |    |         0% |           0% |       0% |         0% |      +0% |     3.00 | 唔達標
SIM ---- 15/20 關達標(自適應玩家)----
SIM 非牆關跌穿 85%: [19, 20] —— 唔關 WALLS 事,係基礎曲線,只記錄唔喺呢度改
SIM
SIM ---- 敗仗診斷(自適應玩家喺每關讀到嘅壓力,計數 = 診斷到嘅局數)----
SIM  19    | crowd x1, heal x1
SIM  20    | air x1, crowd x6
SIM
SIM ---- 贏面(自適應玩家,每關所有嘗試嘅平均)----
SIM  lv | 牆 | 最遠推進 | 到門口 | 同場最多 | 擊殺 | 塔數 | boss殘血 | 剩金
SIM   1 |    |      12% |    0.0 |     14.0 |   71 |  9.5 |       1% |    39
SIM   2 |    |      23% |    0.0 |     13.0 |   70 | 10.0 |       2% |    41
SIM   3 |    |       9% |    0.0 |     10.0 |   71 | 11.5 |       1% |    16
SIM   4 |    |      18% |    0.0 |     19.0 |  105 | 14.0 |       1% |   186
SIM   5 |    |      16% |    0.0 |     18.0 |   73 | 13.5 |       1% |    23
SIM   6 |    |      13% |    0.0 |     10.5 |   67 | 12.5 |       1% |    37
SIM   7 | 牆 |      11% |    0.0 |     10.0 |   92 | 14.0 |       1% |   265
SIM   8 |    |      13% |    0.0 |     13.5 |   70 | 14.0 |       1% |    46
SIM   9 |    |      10% |    0.0 |      9.0 |   71 | 14.0 |       1% |   150
SIM  10 |    |      15% |    0.0 |     18.0 |  183 | 14.0 |       2% |  1121
SIM  11 |    |      18% |    0.0 |     26.0 |   74 | 14.0 |       1% |   446
SIM  12 |    |      13% |    0.0 |     16.0 |   65 | 14.0 |       1% |   420
SIM  13 | 牆 |      17% |    0.0 |     22.5 |  199 | 14.0 |       1% |  1693
SIM  14 |    |      30% |    0.0 |     31.5 |  209 | 14.0 |       0% |  2291
SIM  15 |    |      12% |    0.0 |     15.0 |   73 | 14.0 |       1% |   992
SIM  16 |    |      17% |    0.0 |     10.5 |   68 | 14.0 |       1% |   732
SIM  17 |    |      35% |    0.0 |     39.0 |  250 | 14.0 |       0% |  3040
SIM  18 | 牆 |      16% |    0.0 |     20.5 |   74 | 14.0 |       0% |  1078
SIM  19 |    |      53% |    1.3 |     23.3 |   79 | 14.0 |      10% |  2216
SIM  20 |    |     100% |   22.5 |     72.7 |  338 | 14.0 |      84% |  5521
SIM 未達標,要調 GameData.WALLS(牆太易 -> 加成份;牆太難 -> 減成份;非牆關跌穿 85% -> 睇下係咪牆嘅成份漏咗落隔離關)
