Godot Engine v4.7.1.stable.official.a13da4feb - https://godotengine.org

SIM 難度牆驗收 (3 個 seed, 每關最多 3 次, 兩個玩家, 塔數上限 第1關6 -> 第20關24)
SIM   自適應玩家 seed 1/3 完成
SIM   自適應玩家 seed 2/3 完成
SIM   自適應玩家 seed 3/3 完成
SIM   貪心玩家 seed 1/3 完成
SIM   貪心玩家 seed 2/3 完成
SIM   貪心玩家 seed 3/3 完成
SIM
SIM  lv | 牆 | 自適應首通 | 自適應3次內 | 貪心首通 | 貪心3次內 | 組成差距 | 平均嘗試 | 達標
SIM   1 |    |        67% |         100% |      67% |       100% |      +0% |     1.33 | 唔達標
SIM   2 |    |       100% |         100% |     100% |       100% |      +0% |     1.00 | OK
SIM   3 |    |       100% |         100% |     100% |       100% |      +0% |     1.00 | OK
SIM   4 |    |       100% |         100% |     100% |       100% |      +0% |     1.00 | OK
SIM   5 |    |       100% |         100% |     100% |       100% |      +0% |     1.00 | OK
SIM   6 |    |       100% |         100% |     100% |       100% |      +0% |     1.00 | OK
SIM   7 | 牆 |         0% |           0% |       0% |        33% |     -33% |     3.00 | 唔達標
SIM   8 |    |       100% |         100% |     100% |       100% |      +0% |     1.00 | OK
SIM   9 |    |       100% |         100% |     100% |       100% |      +0% |     1.00 | OK
SIM  10 |    |       100% |         100% |     100% |       100% |      +0% |     1.00 | OK
SIM  11 |    |       100% |         100% |     100% |       100% |      +0% |     1.00 | OK
SIM  12 |    |       100% |         100% |     100% |       100% |      +0% |     1.00 | OK
SIM  13 | 牆 |         0% |           0% |      33% |       100% |    -100% |     3.00 | 唔達標
SIM  14 |    |       100% |         100% |     100% |       100% |      +0% |     1.00 | OK
SIM  15 |    |       100% |         100% |     100% |       100% |      +0% |     1.00 | OK
SIM  16 |    |       100% |         100% |     100% |       100% |      +0% |     1.00 | OK
SIM  17 |    |       100% |         100% |     100% |       100% |      +0% |     1.00 | OK
SIM  18 | 牆 |       100% |         100% |     100% |       100% |      +0% |     1.00 | 唔達標
SIM  19 |    |       100% |         100% |     100% |       100% |      +0% |     1.00 | OK
SIM  20 |    |       100% |         100% |     100% |       100% |      +0% |     1.00 | OK
SIM ---- 16/20 關達標(自適應玩家)----
SIM 非牆關跌穿 85%: [1] —— 唔關 WALLS 事,係基礎曲線,只記錄唔喺呢度改
SIM
SIM ---- 敗仗診斷(自適應玩家喺每關讀到嘅壓力,計數 = 診斷到嘅局數)----
SIM   7 牆 | crowd x9, heal x9
SIM  13 牆 | crowd x9
SIM
SIM ---- 贏面(自適應玩家,每關所有嘗試嘅平均)----
SIM  lv | 牆 | 最遠推進 | 到門口 | 同場最多 | 擊殺 | 塔數 | boss殘血 | 剩金
SIM   1 |    |      45% |    2.5 |     13.0 |   87 |  6.0 |       7% |   335
SIM   2 |    |      26% |    0.0 |     13.0 |   68 |  7.0 |       2% |   234
SIM   3 |    |      10% |    0.0 |     10.7 |   72 |  8.0 |       1% |   236
SIM   4 |    |      17% |    0.0 |     17.7 |   99 |  9.0 |       1% |   436
SIM   5 |    |      18% |    0.0 |     18.0 |   76 | 10.0 |       2% |   264
SIM   6 |    |      13% |    0.0 |     11.3 |   68 | 11.0 |       1% |   144
SIM   7 | 牆 |     100% |   30.8 |    296.7 |  144 | 12.0 |      99% |  1263
SIM   8 |    |      18% |    0.0 |     20.0 |   73 | 13.0 |       1% |   146
SIM   9 |    |      11% |    0.0 |      9.0 |   70 | 14.0 |       1% |   121
SIM  10 |    |      18% |    0.0 |     19.7 |  186 | 15.0 |       1% |  1080
SIM  11 |    |      18% |    0.0 |     26.7 |   75 | 15.0 |       1% |   387
SIM  12 |    |      13% |    0.0 |     15.7 |   64 | 16.0 |       2% |   315
SIM  13 | 牆 |     100% |  109.8 |    501.6 |  601 | 17.0 |      77% |  5923
SIM  14 |    |      32% |    0.0 |     37.7 |  249 | 18.0 |       1% |  2468
SIM  15 |    |       8% |    0.0 |     10.0 |   70 | 19.0 |       1% |   593
SIM  16 |    |      17% |    0.0 |     12.0 |   67 | 20.0 |       3% |   371
SIM  17 |    |      27% |    0.0 |     36.0 |  218 | 21.0 |       0% |  2305
SIM  18 | 牆 |      20% |    0.0 |     96.7 |  179 | 22.0 |       1% |  3368
SIM  19 |    |      22% |    0.0 |     15.7 |   73 | 23.0 |       1% |  1377
SIM  20 |    |      42% |    0.0 |     39.0 |  401 | 24.0 |       0% |  5580
SIM 未達標,要調 GameData.WALLS(牆太易 -> 加成份;牆太難 -> 減成份;非牆關跌穿 85% -> 睇下係咪牆嘅成份漏咗落隔離關)
WARNING: 15 ObjectDB instances were leaked at exit (run with `--verbose` for details).
   at: cleanup (core/object/object.cpp:2536)
ERROR: 7 resources still in use at exit (run with --verbose for details).
   at: clear (core/io/resource.cpp:822)
