Godot Engine v4.7.1.stable.official.a13da4feb - https://godotengine.org

SIM 難度牆驗收 (12 個 seed, 每關最多 3 次, 兩個玩家, 塔數上限 第1關8 -> 第20關24)
SIM   自適應玩家 seed 1/12 完成
SIM   自適應玩家 seed 2/12 完成
SIM   自適應玩家 seed 3/12 完成
SIM   自適應玩家 seed 4/12 完成
SIM   自適應玩家 seed 5/12 完成
SIM   自適應玩家 seed 6/12 完成
SIM   自適應玩家 seed 7/12 完成
SIM   自適應玩家 seed 8/12 完成
SIM   自適應玩家 seed 9/12 完成
SIM   自適應玩家 seed 10/12 完成
SIM   自適應玩家 seed 11/12 完成
SIM   自適應玩家 seed 12/12 完成
SIM   貪心玩家 seed 1/12 完成
SIM   貪心玩家 seed 2/12 完成
SIM   貪心玩家 seed 3/12 完成
SIM   貪心玩家 seed 4/12 完成
SIM   貪心玩家 seed 5/12 完成
SIM   貪心玩家 seed 6/12 完成
SIM   貪心玩家 seed 7/12 完成
SIM   貪心玩家 seed 8/12 完成
SIM   貪心玩家 seed 9/12 完成
SIM   貪心玩家 seed 10/12 完成
SIM   貪心玩家 seed 11/12 完成
SIM   貪心玩家 seed 12/12 完成
SIM
SIM  lv | 牆 | 自適應首通 | 自適應3次內 | 貪心首通 | 貪心3次內 | 組成差距 | 平均嘗試 | 達標
SIM   1 |    |       100% |         100% |     100% |       100% |      +0% |     1.00 | OK
SIM   2 |    |       100% |         100% |     100% |       100% |      +0% |     1.00 | OK
SIM   3 |    |       100% |         100% |     100% |       100% |      +0% |     1.00 | OK
SIM   4 |    |       100% |         100% |     100% |       100% |      +0% |     1.00 | OK
SIM   5 |    |       100% |         100% |     100% |       100% |      +0% |     1.00 | OK
SIM   6 |    |       100% |         100% |     100% |       100% |      +0% |     1.00 | OK
SIM   7 | 牆 |         0% |          17% |       0% |       100% |     -83% |     2.92 | 唔達標
SIM   8 |    |       100% |         100% |     100% |       100% |      +0% |     1.00 | OK
SIM   9 |    |       100% |         100% |     100% |       100% |      +0% |     1.00 | OK
SIM  10 |    |       100% |         100% |     100% |       100% |      +0% |     1.00 | OK
SIM  11 |    |       100% |         100% |     100% |       100% |      +0% |     1.00 | OK
SIM  12 |    |       100% |         100% |     100% |       100% |      +0% |     1.00 | OK
SIM  13 | 牆 |        67% |         100% |      83% |       100% |      +0% |     1.50 | 唔達標
SIM  14 |    |       100% |         100% |     100% |       100% |      +0% |     1.00 | OK
SIM  15 |    |       100% |         100% |     100% |       100% |      +0% |     1.00 | OK
SIM  16 |    |       100% |         100% |     100% |       100% |      +0% |     1.00 | OK
SIM  17 |    |       100% |         100% |     100% |       100% |      +0% |     1.00 | OK
SIM  18 | 牆 |       100% |         100% |     100% |       100% |      +0% |     1.00 | 唔達標
SIM  19 |    |       100% |         100% |     100% |       100% |      +0% |     1.00 | OK
SIM  20 |    |        83% |         100% |     100% |       100% |      +0% |     1.17 | 唔達標
SIM ---- 16/20 關達標(自適應玩家)----
SIM 非牆關跌穿 85%: [20] —— 唔關 WALLS 事,係基礎曲線,只記錄唔喺呢度改
SIM 無效嘅牆(貪心玩家一樣三次內過到,即係淨係考緊升級級數): [7]
SIM
SIM ---- 敗仗診斷(自適應玩家喺每關讀到嘅壓力,計數 = 診斷到嘅局數)----
SIM   7 牆 | crowd x33, heal x33
SIM  13 牆 | crowd x6
SIM  20    | crowd x2
SIM
SIM ---- 贏面(自適應玩家,每關所有嘗試嘅平均)----
SIM  lv | 牆 | 最遠推進 | 到門口 | 同場最多 | 擊殺 | 塔數 | boss殘血 | 剩金
SIM   1 |    |      13% |    0.0 |     14.1 |   72 |  8.0 |       1% |   138
SIM   2 |    |      27% |    0.0 |     14.1 |   71 |  9.0 |       1% |   118
SIM   3 |    |      10% |    0.0 |     10.3 |   72 | 10.0 |       1% |   112
SIM   4 |    |      18% |    0.0 |     18.5 |  110 | 11.0 |       1% |   377
SIM   5 |    |      19% |    0.0 |     17.9 |   76 | 11.0 |       1% |   215
SIM   6 |    |      14% |    0.0 |     10.6 |   67 | 12.0 |       1% |    61
SIM   7 | 牆 |      96% |   16.3 |    160.0 |  164 | 13.0 |      34% |  1435
SIM   8 |    |      14% |    0.0 |     15.6 |   71 | 14.0 |       1% |    77
SIM   9 |    |       9% |    0.0 |      8.6 |   70 | 15.0 |       1% |    84
SIM  10 |    |      16% |    0.0 |     19.5 |  169 | 16.0 |       1% |   891
SIM  11 |    |      16% |    0.0 |     26.5 |   74 | 16.0 |       1% |   319
SIM  12 |    |      12% |    0.0 |     14.7 |   65 | 17.0 |       2% |   250
SIM  13 | 牆 |      69% |   40.2 |    283.9 |  626 | 18.0 |      20% |  6008
SIM  14 |    |      24% |    0.0 |     30.6 |  196 | 19.0 |       0% |  1789
SIM  15 |    |       8% |    0.0 |     10.4 |   70 | 20.0 |       1% |   559
SIM  16 |    |      19% |    0.0 |     12.1 |   68 | 21.0 |       1% |   360
SIM  17 |    |      28% |    0.0 |     36.9 |  250 | 21.0 |       0% |  2630
SIM  18 | 牆 |      20% |    0.0 |     97.8 |  176 | 22.0 |       0% |  3370
SIM  19 |    |      20% |    0.0 |     14.1 |   72 | 23.0 |       0% |  1255
SIM  20 |    |      52% |    3.6 |     38.6 |  457 | 24.0 |       3% |  6405
SIM 未達標,要調 GameData.WALLS(牆太易 -> 加成份;牆太難 -> 減成份;非牆關跌穿 85% -> 睇下係咪牆嘅成份漏咗落隔離關)
WARNING: 15 ObjectDB instances were leaked at exit (run with `--verbose` for details).
   at: cleanup (core/object/object.cpp:2536)
ERROR: 7 resources still in use at exit (run with --verbose for details).
   at: clear (core/io/resource.cpp:822)
