Godot Engine v4.7.1.stable.official.a13da4feb - https://godotengine.org

SIM 難度牆驗收 (3 個 seed, 每關最多 3 次, 兩個玩家, 塔數上限 第1關8 -> 第20關24)
SIM   自適應玩家 seed 1/3 完成
SIM   自適應玩家 seed 2/3 完成
SIM   自適應玩家 seed 3/3 完成
SIM   貪心玩家 seed 1/3 完成
SIM   貪心玩家 seed 2/3 完成
SIM   貪心玩家 seed 3/3 完成
SIM
SIM  lv | 牆 | 自適應首通 | 自適應3次內 | 貪心首通 | 貪心3次內 | 組成差距 | 平均嘗試 | 達標
SIM   1 |    |       100% |         100% |     100% |       100% |      +0% |     1.00 | OK
SIM   2 |    |       100% |         100% |     100% |       100% |      +0% |     1.00 | OK
SIM   3 |    |       100% |         100% |     100% |       100% |      +0% |     1.00 | OK
SIM   4 |    |       100% |         100% |     100% |       100% |      +0% |     1.00 | OK
SIM   5 |    |       100% |         100% |     100% |       100% |      +0% |     1.00 | OK
SIM   6 |    |       100% |         100% |     100% |       100% |      +0% |     1.00 | OK
SIM   7 | 牆 |         0% |           0% |       0% |       100% |    -100% |     3.00 | 唔達標
SIM   8 |    |       100% |         100% |     100% |       100% |      +0% |     1.00 | OK
SIM   9 |    |       100% |         100% |     100% |       100% |      +0% |     1.00 | OK
SIM  10 |    |       100% |         100% |     100% |       100% |      +0% |     1.00 | OK
SIM  11 |    |       100% |         100% |     100% |       100% |      +0% |     1.00 | OK
SIM  12 |    |       100% |         100% |     100% |       100% |      +0% |     1.00 | OK
SIM  13 | 牆 |        33% |         100% |     100% |       100% |      +0% |     1.67 | 唔達標
SIM  14 |    |       100% |         100% |     100% |       100% |      +0% |     1.00 | OK
SIM  15 |    |       100% |         100% |     100% |       100% |      +0% |     1.00 | OK
SIM  16 |    |       100% |         100% |     100% |       100% |      +0% |     1.00 | OK
SIM  17 |    |       100% |         100% |     100% |       100% |      +0% |     1.00 | OK
SIM  18 | 牆 |       100% |         100% |     100% |       100% |      +0% |     1.00 | 唔達標
SIM  19 |    |       100% |         100% |     100% |       100% |      +0% |     1.00 | OK
SIM  20 |    |       100% |         100% |     100% |       100% |      +0% |     1.00 | OK
SIM ---- 17/20 關達標(自適應玩家)----
SIM 無效嘅牆(貪心玩家一樣三次內過到,即係淨係考緊升級級數): [7]
SIM
SIM ---- 敗仗診斷(自適應玩家喺每關讀到嘅壓力,計數 = 診斷到嘅局數)----
SIM   7 牆 | crowd x9, heal x9
SIM  13 牆 | crowd x2
SIM
SIM ---- 贏面(自適應玩家,每關所有嘗試嘅平均)----
SIM  lv | 牆 | 最遠推進 | 到門口 | 同場最多 | 擊殺 | 塔數 | boss殘血 | 剩金
SIM   1 |    |       9% |    0.0 |     10.3 |   70 |  8.0 |       1% |    75
SIM   2 |    |      24% |    0.0 |     10.0 |   70 |  9.0 |       1% |    72
SIM   3 |    |       9% |    0.0 |      9.3 |   71 | 10.0 |       1% |   104
SIM   4 |    |      17% |    0.0 |     19.0 |  102 | 11.0 |       1% |   317
SIM   5 |    |      20% |    0.0 |     18.7 |   77 | 11.0 |       1% |   223
SIM   6 |    |      13% |    0.0 |     10.0 |   67 | 12.0 |       1% |    70
SIM   7 | 牆 |     100% |   17.1 |    164.6 |  168 | 13.0 |      38% |  1439
SIM   8 |    |      14% |    0.0 |     17.0 |   71 | 14.0 |       1% |    15
SIM   9 |    |       7% |    0.0 |      6.3 |   71 | 15.0 |       1% |    34
SIM  10 |    |      16% |    0.0 |     18.0 |  157 | 16.0 |       1% |   782
SIM  11 |    |      17% |    0.0 |     26.7 |   75 | 16.0 |       1% |   343
SIM  12 |    |      11% |    0.0 |     14.3 |   66 | 17.0 |       1% |   268
SIM  13 | 牆 |      57% |   44.0 |    236.4 |  611 | 18.0 |      14% |  5754
SIM  14 |    |      15% |    0.0 |     20.7 |  193 | 19.0 |       0% |  1627
SIM  15 |    |       8% |    0.0 |     11.0 |   71 | 20.0 |       0% |   563
SIM  16 |    |      18% |    0.0 |     11.3 |   67 | 21.0 |       1% |   327
SIM  17 |    |      29% |    0.0 |     38.0 |  231 | 21.0 |       0% |  2492
SIM  18 | 牆 |      26% |    0.0 |     80.3 |  285 | 22.0 |       0% |  3924
SIM  19 |    |      20% |    0.0 |     15.0 |   72 | 23.0 |       0% |  1299
SIM  20 |    |      43% |    0.0 |     40.7 |  423 | 24.0 |       1% |  5916
SIM 未達標,要調 GameData.WALLS(牆太易 -> 加成份;牆太難 -> 減成份;非牆關跌穿 85% -> 睇下係咪牆嘅成份漏咗落隔離關)
WARNING: 12 ObjectDB instances were leaked at exit (run with `--verbose` for details).
   at: cleanup (core/object/object.cpp:2536)
ERROR: 6 resources still in use at exit (run with --verbose for details).
   at: clear (core/io/resource.cpp:822)
