Godot Engine v4.7.1.stable.official.a13da4feb - https://godotengine.org

SIM 難度牆驗收 (3 個 seed, 每關最多 3 次, 兩個玩家, 塔數上限 30)
SIM   自適應玩家 seed 1/3 完成
SIM   自適應玩家 seed 2/3 完成
SIM   自適應玩家 seed 3/3 完成
SIM   貪心玩家 seed 1/3 完成
SIM   貪心玩家 seed 2/3 完成
SIM   貪心玩家 seed 3/3 完成
SIM
SIM  lv | 牆 | 自適應首通 | 自適應3次內 | 貪心首通 | 貪心3次內 | 組成差距 | 平均嘗試 | 達標
SIM   1 |    |       100% |         100% |     100% |       100% |      +0% |     1.00 | OK
SIM   2 |    |       100% |         100% |     100% |       100% |      +0% |     1.00 | OK
SIM   3 |    |       100% |         100% |     100% |       100% |      +0% |     1.00 | OK
SIM   4 |    |       100% |         100% |     100% |       100% |      +0% |     1.00 | OK
SIM   5 |    |       100% |         100% |     100% |       100% |      +0% |     1.00 | OK
SIM   6 |    |       100% |         100% |     100% |       100% |      +0% |     1.00 | OK
SIM   7 | 牆 |       100% |         100% |     100% |       100% |      +0% |     1.00 | 唔達標
SIM   8 |    |       100% |         100% |     100% |       100% |      +0% |     1.00 | OK
SIM   9 |    |       100% |         100% |     100% |       100% |      +0% |     1.00 | OK
SIM  10 |    |       100% |         100% |     100% |       100% |      +0% |     1.00 | OK
SIM  11 |    |       100% |         100% |     100% |       100% |      +0% |     1.00 | OK
SIM  12 |    |       100% |         100% |     100% |       100% |      +0% |     1.00 | OK
SIM  13 | 牆 |       100% |         100% |     100% |       100% |      +0% |     1.00 | 唔達標
SIM  14 |    |       100% |         100% |     100% |       100% |      +0% |     1.00 | OK
SIM  15 |    |       100% |         100% |     100% |       100% |      +0% |     1.00 | OK
SIM  16 |    |       100% |         100% |     100% |       100% |      +0% |     1.00 | OK
SIM  17 |    |       100% |         100% |     100% |       100% |      +0% |     1.00 | OK
SIM  18 | 牆 |       100% |         100% |     100% |       100% |      +0% |     1.00 | 唔達標
SIM  19 |    |       100% |         100% |     100% |       100% |      +0% |     1.00 | OK
SIM  20 |    |       100% |         100% |     100% |       100% |      +0% |     1.00 | OK
SIM ---- 17/20 關達標(自適應玩家)----
SIM
SIM ---- 敗仗診斷(自適應玩家喺每關讀到嘅壓力,計數 = 診斷到嘅局數)----
SIM
SIM ---- 贏面(自適應玩家,每關所有嘗試嘅平均)----
SIM  lv | 牆 | 最遠推進 | 到門口 | 同場最多 | 擊殺 | 塔數 | boss殘血 | 剩金
SIM   1 |    |      12% |    0.0 |     13.7 |   71 |  9.7 |       1% |    30
SIM   2 |    |      23% |    0.0 |     14.0 |   69 | 10.0 |       2% |    33
SIM   3 |    |       9% |    0.0 |     10.3 |   71 | 11.3 |       1% |    17
SIM   4 |    |      18% |    0.0 |     19.0 |  104 | 16.3 |       1% |    38
SIM   5 |    |      17% |    0.0 |     18.0 |   73 | 13.7 |       1% |    16
SIM   6 |    |      13% |    0.0 |     10.7 |   67 | 12.7 |       2% |    31
SIM   7 | 牆 |      15% |    0.0 |     18.0 |   88 | 21.0 |       0% |    27
SIM   8 |    |      13% |    0.0 |     14.0 |   70 | 14.3 |       0% |    32
SIM   9 |    |       8% |    0.0 |      8.0 |   70 | 16.0 |       1% |    14
SIM  10 |    |      15% |    0.0 |     18.7 |  181 | 29.7 |       1% |   162
SIM  11 |    |      15% |    0.0 |     25.7 |   75 | 21.0 |       1% |    41
SIM  12 |    |      10% |    0.0 |     12.7 |   65 | 20.7 |       2% |    29
SIM  13 | 牆 |      17% |    0.0 |     33.7 |  290 | 30.0 |       2% |  1508
SIM  14 |    |      23% |    0.0 |     28.7 |  220 | 30.0 |       1% |  1376
SIM  15 |    |       8% |    0.0 |     10.7 |   70 | 28.3 |       2% |    35
SIM  16 |    |      15% |    0.0 |     12.3 |   68 | 26.7 |       1% |    24
SIM  17 |    |      26% |    0.0 |     36.3 |  252 | 30.0 |       1% |  2099
SIM  18 | 牆 |      14% |    0.0 |     24.7 |   86 | 30.0 |       0% |   647
SIM  19 |    |      16% |    0.0 |     13.0 |   72 | 30.0 |       0% |   880
SIM  20 |    |      37% |    0.0 |     37.0 |  415 | 30.0 |       1% |  5370
SIM 未達標,要調 GameData.WALLS(牆太易 -> 加成份;牆太難 -> 減成份;非牆關跌穿 85% -> 睇下係咪牆嘅成份漏咗落隔離關)
WARNING: 14 ObjectDB instances were leaked at exit (run with `--verbose` for details).
   at: cleanup (core/object/object.cpp:2536)
ERROR: 7 resources still in use at exit (run with --verbose for details).
   at: clear (core/io/resource.cpp:822)
